=== self-checks ===
chord length vs brute force: worst |diff| 1.82e-04 um (grid step 2e-4)
mu=0.01: (P-L)/(1-L) 5.10e-03, (Gv-L)/(1-L) 4.23e-03
mu=0.1: (P-L)/(1-L) 4.95e-02, (Gv-L)/(1-L) 4.12e-02
partition renderer node dip 0.7667 (sanity: below column absorbed fraction 0.8647)
=== A. Kernel ===
A1 d=0.3 mu=0.6: in-focus dip 0.1341; dip / in-focus at 1,2,3,4,5 planes: 0.75, 0.29, 0.19, 0.14, 0.11
A1 d=1.0 mu=0.6: in-focus dip 0.4018; dip / in-focus at 1,2,3,4,5 planes: 0.98, 0.88, 0.63, 0.46, 0.36
A2 node plane (z_k = axis depth), U = 6 um, sigma_fit = 0.080, Bbar = B (oracle):
   d=0.5 phi= 0: dip share from |delta|>0.84 (0.79 rule) 0.0%; frozen: d^/d 1.041 (dip 0.362); 0.79: d^/d 1.041 (dip 0.362); 1.21: d^/d 1.041 (dip 0.362)
   d=0.5 phi=20: dip share from |delta|>0.84 (0.79 rule) 0.1%; frozen: d^/d 1.062 (dip 0.391); 0.79: d^/d 1.063 (dip 0.392); 1.21: d^/d 1.066 (dip 0.393)
   d=0.5 phi=45: dip share from |delta|>0.84 (0.79 rule) 9.1%; frozen: d^/d 1.266 (dip 0.523); 0.79: d^/d 1.334 (dip 0.548); 1.21: d^/d 1.323 (dip 0.542)
   d=0.5 phi=60: dip share from |delta|>0.84 (0.79 rule) 12.3%; frozen: d^/d 1.444 (dip 0.572); 0.79: d^/d 1.464 (dip 0.567); 1.21: d^/d 1.415 (dip 0.548)
   d=2.0 phi= 0: dip share from |delta|>0.84 (0.79 rule) 9.8%; frozen: d^/d 1.126 (dip 0.747); 0.79: d^/d 1.128 (dip 0.742); 1.21: d^/d 1.130 (dip 0.739)
   d=2.0 phi=20: dip share from |delta|>0.84 (0.79 rule) 20.6%; frozen: d^/d 1.138 (dip 0.763); 0.79: d^/d 1.154 (dip 0.781); 1.21: d^/d 1.166 (dip 0.790)
A3 d=0.5 phi=0 mu=1, dip at v=0 in the +-3-plane focus-search planes (frozen/0.79/1.21): z_k=-0.84: 0.1107/0.1056/0.1035; z_k=+0.84: 0.1088/0.1021/0.0993
A3 d=2.0 phi=0 mu=1, dip at v=0 in the +-3-plane focus-search planes (frozen/0.79/1.21): z_k=-0.84: 0.8586/0.8185/0.8037; z_k=+0.84: 0.7560/0.6167/0.5723
=== B, C. Partition and vertical rays vs geometric ray reference ===
<1/cos> over the cone: quadrature 1.4470, analytic 1.4470; max 1/cos = 2.617
d=1.0 phi=0 mu=0.05 (mu*d=0.05):
   node-plane dip at v=0 (geometric blur only): L 0.0422, P 0.0412, Gv 0.0413, G 0.0571
   dip at z_k = -3dz (light side) / +3dz: P 0.0249/0.0247, Gv 0.0248/0.0248, G 0.0311/0.0311
   fit at node plane (post-blur 0.08, sigma_fit 0.08, Bbar=B): P: d^/d 1.162, mu^/mu 0.714, Gv: d^/d 1.166, mu^/mu 0.713, G: d^/d 1.202, mu^/mu 0.960
d=1.0 phi=0 mu=0.5 (mu*d=0.50):
   node-plane dip at v=0 (geometric blur only): L 0.4222, P 0.3348, Gv 0.3423, G 0.4412
   dip at z_k = -3dz (light side) / +3dz: P 0.2126/0.1985, Gv 0.2078/0.2078, G 0.2478/0.2478
   fit at node plane (post-blur 0.08, sigma_fit 0.08, Bbar=B): P: d^/d 1.161, mu^/mu 0.691, Gv: d^/d 1.171, mu^/mu 0.703, G: d^/d 1.206, mu^/mu 0.939
d=1.0 phi=0 mu=1.5 (mu*d=1.50):
   node-plane dip at v=0 (geometric blur only): L 1.2665, P 0.6638, Gv 0.7098, G 0.8198
   dip at z_k = -3dz (light side) / +3dz: P 0.4698/0.3865, Gv 0.4397/0.4397, G 0.4887/0.4887
   fit at node plane (post-blur 0.08, sigma_fit 0.08, Bbar=B): P: d^/d 1.166, mu^/mu 0.616, Gv: d^/d 1.178, mu^/mu 0.681, G: d^/d 1.207, mu^/mu 0.895
d=1.0 phi=0 mu=3.0 (mu*d=3.00):
   node-plane dip at v=0 (geometric blur only): L 2.5330, P 0.8007, Gv 0.9100, G 0.9653
   dip at z_k = -3dz (light side) / +3dz: P 0.6519/0.4607, Gv 0.5782/0.5782, G 0.6093/0.6093
   fit at node plane (post-blur 0.08, sigma_fit 0.08, Bbar=B): P: d^/d 1.192, mu^/mu 0.468, Gv: d^/d 1.192, mu^/mu 0.630, G: d^/d 1.216, mu^/mu 0.776
d=0.5 phi=20 mu=1.0 (mu*d=0.50):
   node-plane dip at v=0 (geometric blur only): L 0.4667, P 0.3656, Gv 0.3639, G 0.4620
   dip at z_k = -3dz (light side) / +3dz: P 0.1146/0.1099, Gv 0.1112/0.1112, G 0.1272/0.1272
   fit at node plane (post-blur 0.08, sigma_fit 0.08, Bbar=B): P: d^/d 1.244, mu^/mu 0.662, Gv: d^/d 1.258, mu^/mu 0.652, G: d^/d 1.317, mu^/mu 0.840
=== matched comparison (truth G; renderer P*; split Gv*) ===
d=1.0 phi=0 mu*d=0.05: truth G d^/d 1.202 (mu^ 0.048)
   P*: mu_ph/mu 1.450, d^/d 1.200 (diff vs truth -0.002); dip -3dz/+3dz 0.0312/0.0308
   Gv*: mu_ph/mu 1.447, d^/d 1.202 (diff vs truth +0.000); dip -3dz/+3dz 0.0310/0.0310
   truth dip -3dz/+3dz 0.0311/0.0311
d=1.0 phi=0 mu*d=0.50: truth G d^/d 1.203 (mu^ 0.472)
   P*: mu_ph/mu 1.519, d^/d 1.197 (diff vs truth -0.005); dip -3dz/+3dz 0.2592/0.2326
   Gv*: mu_ph/mu 1.460, d^/d 1.212 (diff vs truth +0.009); dip -3dz/+3dz 0.2430/0.2430
   truth dip -3dz/+3dz 0.2478/0.2478
d=1.0 phi=0 mu*d=1.50: truth G d^/d 1.211 (mu^ 1.333)
   P*: no bracket (-0.866, -0.308)
   Gv*: mu_ph/mu 1.483, d^/d 1.232 (diff vs truth +0.021); dip -3dz/+3dz 0.4605/0.4605
   truth dip -3dz/+3dz 0.4887/0.4887
d=1.0 phi=0 mu*d=3.00: truth G d^/d 1.217 (mu^ 2.327)
   P*: no bracket (-1.487, -1.451)
   Gv*: mu_ph/mu 1.660, d^/d 1.266 (diff vs truth +0.050); dip -3dz/+3dz 0.5607/0.5607
   truth dip -3dz/+3dz 0.6093/0.6093
d=0.5 phi=20 mu*d=0.50: truth G d^/d 1.317 (mu^ 0.839)
   P*: mu_ph/mu 1.422, d^/d 1.314 (diff vs truth -0.003); dip -3dz/+3dz 0.1263/0.1190
   Gv*: mu_ph/mu 1.475, d^/d 1.343 (diff vs truth +0.026); dip -3dz/+3dz 0.1239/0.1239
   truth dip -3dz/+3dz 0.1272/0.1272
